// Jest Snapshot v1, https://goo.gl/fbAQLP

exports[`RecordEntryComponent should render correctly 1`] = `
<meeting-record-entry
  record={[Function Function]}
>
  <h2>
     Meeting 
    <div
      class="date"
    >
       Jan 1, 2022 
    </div>
  </h2><table
    class="table"
  >
    <thead>
      <tr>
        <th
          scope="col"
        >
          Member
        </th>
        <th
          scope="col"
        >
          Notes
        </th>
        <th
          class="status"
          scope="col"
        >
           Time 
        </th>
      </tr>
    </thead>
    <tbody>
      <meeting-record-member>
        <tr
          class="even"
        >
          <th
            scope="row"
          >
          </th>
          <td>
          </td>
          <td
            class="status"
          >
             01:40 
          </td>
          <td
            class="styling-column"
          />
        </tr>
      </meeting-record-member>
      <meeting-record-member>
        <tr>
          <th
            scope="row"
          >
          </th>
          <td>
          </td>
          <td
            class="status"
          >
             02:30 
          </td>
          <td
            class="styling-column"
          />
        </tr>
      </meeting-record-member>
      <tr
        class="even"
      >
        <th
          scope="row"
        />
        <td />
        <td
          class="status"
        >
          04:10
        </td>
        <td />
      </tr>
    </tbody>
  </table>
</meeting-record-entry>
`;
